[irtech.biz/tf/additrans/index.html]
[backblue.gif]
[fade.gif]
[index.html]
[irtech.biz/tf/additrans/favicon.ico]
[irtech.biz/tf/additrans/assets/img/logo.png]
[irtech.biz/tf/additrans/index-2.html]
[irtech.biz/tf/additrans/index-3.html]
[irtech.biz/tf/additrans/index-4.html]
[irtech.biz/tf/additrans/about.html]
[irtech.biz/tf/additrans/services.html]
[irtech.biz/tf/additrans/services-details.html]
[irtech.biz/tf/additrans/blog.html]
[irtech.biz/tf/additrans/blog-details.html]
[irtech.biz/tf/additrans/contact.html]
[irtech.biz/tf/additrans/assets/img/header-slider/01.png]
[irtech.biz/tf/additrans/assets/img/header-slider/02.png]
[irtech.biz/tf/additrans/assets/img/we-provide/01.png]
[irtech.biz/tf/additrans/assets/img/we-provide/02.png]
[irtech.biz/tf/additrans/assets/img/we-provide/03.png]
[irtech.biz/tf/additrans/assets/img/bg/03.png]
[irtech.biz/tf/additrans/assets/img/we-offer/sign.png]
[irtech.biz/tf/additrans/assets/img/we-offer/01.png]
[irtech.biz/tf/additrans/assets/img/bg/04.png]
[irtech.biz/tf/additrans/assets/img/bg/05.png]
[irtech.biz/tf/additrans/assets/img/testimonial/01.png]
[irtech.biz/tf/additrans/assets/img/team/01.png]
[irtech.biz/tf/additrans/assets/img/team/02.png]
[irtech.biz/tf/additrans/assets/img/team/03.png]
[irtech.biz/tf/additrans/assets/img/team/04.png]
[irtech.biz/tf/additrans/assets/img/bg/06.png]
[irtech.biz/tf/additrans/assets/img/request/01.png]
[irtech.biz/tf/additrans/assets/img/blog/01.png]
[irtech.biz/tf/additrans/assets/img/blog/02.png]
[irtech.biz/tf/additrans/assets/img/blog/03.png]
[irtech.biz/tf/additrans/assets/img/client/01.png]
[irtech.biz/tf/additrans/assets/img/client/02.png]
[irtech.biz/tf/additrans/assets/img/client/03.png]
[irtech.biz/tf/additrans/assets/img/client/04.png]
[irtech.biz/tf/additrans/assets/js/jquery-2.2.4.min.js]
[irtech.biz/tf/additrans/assets/js/popper.min.js]
[irtech.biz/tf/additrans/assets/js/bootstrap.min.js]
[irtech.biz/tf/additrans/assets/js/jquery.magnific-popup.js]
[irtech.biz/tf/additrans/assets/js/wow.min.js]
[irtech.biz/tf/additrans/assets/js/owl.carousel.min.js]
[irtech.biz/tf/additrans/assets/js/waypoints.min.js]
[irtech.biz/tf/additrans/assets/js/jquery.counterup.min.js]
[irtech.biz/tf/additrans/assets/js/imagesloaded.pkgd.min.js]
[irtech.biz/tf/additrans/assets/js/isotope.pkgd.min.js]
[irtech.biz/tf/additrans/assets/js/main.js]
[irtech.biz/tf/additrans/index.html]
[irtech.biz/tf/additrans/assets/css/animate.css]
[irtech.biz/tf/additrans/assets/css/bootstrap.min.css]
[irtech.biz/tf/additrans/assets/css/magnific-popup.css]
[irtech.biz/tf/additrans/assets/css/owl.video.play.png]
[irtech.biz/tf/additrans/assets/css/owl.carousel.min.css]
[irtech.biz/tf/additrans/assets/fonts/fa-brands-400.eot]
[irtech.biz/tf/additrans/assets/fonts/fa-brands-400d41d.eot]
[irtech.biz/tf/additrans/assets/fonts/fa-brands-400.woff2]
[irtech.biz/tf/additrans/assets/fonts/fa-brands-400.woff]
[irtech.biz/tf/additrans/assets/fonts/fa-brands-400.ttf]
[irtech.biz/tf/additrans/assets/fonts/fa-regular-400.eot]
[irtech.biz/tf/additrans/assets/fonts/fa-regular-400d41d.eot]
[irtech.biz/tf/additrans/assets/fonts/fa-regular-400.woff2]
[irtech.biz/tf/additrans/assets/fonts/fa-regular-400.woff]
[irtech.biz/tf/additrans/assets/fonts/fa-regular-400.ttf]
[irtech.biz/tf/additrans/assets/fonts/fa-solid-900.eot]
[irtech.biz/tf/additrans/assets/fonts/fa-solid-900d41d.eot]
[irtech.biz/tf/additrans/assets/fonts/fa-solid-900.woff2]
[irtech.biz/tf/additrans/assets/fonts/fa-solid-900.woff]
[irtech.biz/tf/additrans/assets/fonts/fa-solid-900.ttf]
[irtech.biz/tf/additrans/assets/css/font-awesome.min.css]
[irtech.biz/tf/additrans/assets/fonts/Flaticon.eot]
[irtech.biz/tf/additrans/assets/fonts/Flaticond41d.eot]
[irtech.biz/tf/additrans/assets/fonts/Flaticon.woff2]
[irtech.biz/tf/additrans/assets/fonts/Flaticon.woff]
[irtech.biz/tf/additrans/assets/fonts/Flaticon.ttf]
[irtech.biz/tf/additrans/assets/css/flaticon.css]
[irtech.biz/tf/additrans/assets/img/bg/breadcrumb-bg.jpg]
[irtech.biz/tf/additrans/assets/img/bg/01.png]
[irtech.biz/tf/additrans/assets/img/bg/02.png]
[irtech.biz/tf/additrans/assets/img/call-to-action/01.png]
[irtech.biz/tf/additrans/assets/img/bg/07.png]
[irtech.biz/tf/additrans/assets/css/style.css]
[irtech.biz/tf/additrans/assets/css/responsive.css]
[irtech.biz/tf/additrans/assets/img/we-offer/sign-02.png]
[irtech.biz/tf/additrans/assets/img/we-offer/03.png]
[irtech.biz/tf/additrans/assets/img/why-us/01.png]
[irtech.biz/tf/additrans/assets/img/logo-02.png]
[irtech.biz/tf/additrans/index-2.html]
[irtech.biz/tf/additrans/assets/img/header-slider/03.png]
[irtech.biz/tf/additrans/assets/img/we-offer/02.png]
[irtech.biz/tf/additrans/assets/img/bg/08.png]
[irtech.biz/tf/additrans/index-3.html]
[irtech.biz/tf/additrans/assets/img/header-slider/04.png]
[irtech.biz/tf/additrans/index-4.html]
[irtech.biz/tf/additrans/assets/img/breadcrumb/01.png]
[irtech.biz/tf/additrans/about.html]
[irtech.biz/tf/additrans/services.html]
[irtech.biz/tf/additrans/assets/img/service/02.png]
[irtech.biz/tf/additrans/assets/img/service/01.png]
[irtech.biz/tf/additrans/assets/img/service/03.png]
[irtech.biz/tf/additrans/assets/img/service/04.png]
[irtech.biz/tf/additrans/assets/img/service/05.png]
[irtech.biz/tf/additrans/services-details.html]
[irtech.biz/tf/additrans/assets/img/blog-single/01.png]
[irtech.biz/tf/additrans/assets/img/blog-single/03.png]
[irtech.biz/tf/additrans/assets/img/blog-single/02.png]
[irtech.biz/tf/additrans/assets/img/popular-post/01.png]
[irtech.biz/tf/additrans/assets/img/popular-post/02.png]
[irtech.biz/tf/additrans/assets/img/popular-post/03.png]
[irtech.biz/tf/additrans/blog.html]
[irtech.biz/tf/additrans/assets/img/comments/01.png]
[irtech.biz/tf/additrans/assets/img/comments/02.png]
[irtech.biz/tf/additrans/assets/img/comments/03.png]
[irtech.biz/tf/additrans/blog-details.html]
[irtech.biz/tf/additrans/assets/img/bg/09.png]
[irtech.biz/tf/additrans/assets/js/goolge-map-activate.js]
[irtech.biz/tf/additrans/contact.html]
[irtech.biz/tf/additrans/assets/css/owl.video.play.html]
[irtech.biz/tf/additrans/assets/fonts/fa-brands-400.svg]
[irtech.biz/tf/additrans/assets/fonts/fa-regular-400.svg]
[irtech.biz/tf/additrans/assets/fonts/fa-solid-900.svg]
[irtech.biz/tf/additrans/assets/fonts/Flaticon.svg]
[irtech.biz/tf/additrans/assets/img/bg/breadcrumb-bg.html]
