[www.exotheme.com/gocargo-recharge/index.html]
[backblue.gif]
[fade.gif]
[index.html]
[www.exotheme.com/gocargo-recharge/img/logo.png]
[www.exotheme.com/gocargo-recharge/index-2.html]
[www.exotheme.com/gocargo-recharge/index-3.html]
[www.exotheme.com/gocargo-recharge/services.html]
[www.exotheme.com/gocargo-recharge/services-2.html]
[www.exotheme.com/gocargo-recharge/service-details-2.html]
[www.exotheme.com/gocargo-recharge/service-details-3.html]
[www.exotheme.com/gocargo-recharge/service-details-1.html]
[www.exotheme.com/gocargo-recharge/service-details-4.html]
[www.exotheme.com/gocargo-recharge/service-details-alt-2.html]
[www.exotheme.com/gocargo-recharge/service-details-5.html]
[www.exotheme.com/gocargo-recharge/service-details-alt-3.html]
[www.exotheme.com/gocargo-recharge/service-details-alt-4.html]
[www.exotheme.com/gocargo-recharge/about.html]
[www.exotheme.com/gocargo-recharge/about-2.html]
[www.exotheme.com/gocargo-recharge/about-3.html]
[www.exotheme.com/gocargo-recharge/clients.html]
[www.exotheme.com/gocargo-recharge/clients-2.html]
[www.exotheme.com/gocargo-recharge/company.html]
[www.exotheme.com/gocargo-recharge/people.html]
[www.exotheme.com/gocargo-recharge/history.html]
[www.exotheme.com/gocargo-recharge/testimonials.html]
[www.exotheme.com/gocargo-recharge/careers.html]
[www.exotheme.com/gocargo-recharge/faq.html]
[www.exotheme.com/gocargo-recharge/news.html]
[www.exotheme.com/gocargo-recharge/news-2.html]
[www.exotheme.com/gocargo-recharge/gallery.html]
[www.exotheme.com/gocargo-recharge/contact.html]
[www.exotheme.com/gocargo-recharge/img/services/1.png]
[www.exotheme.com/gocargo-recharge/img/services/2.png]
[www.exotheme.com/gocargo-recharge/img/services/3.png]
[www.exotheme.com/gocargo-recharge/img/services/4.png]
[www.exotheme.com/gocargo-recharge/img/about/signature.png]
[www.exotheme.com/gocargo-recharge/img/news/news_1.jpg]
[www.exotheme.com/gocargo-recharge/img/news/news_2.jpg]
[www.exotheme.com/gocargo-recharge/img/news/news_3.jpg]
[www.exotheme.com/gocargo-recharge/js/jquery.min.js]
[www.exotheme.com/gocargo-recharge/js/bootstrap.min.js]
[www.exotheme.com/gocargo-recharge/js/jquery.isotope.min.js]
[www.exotheme.com/gocargo-recharge/js/easing.js]
[www.exotheme.com/gocargo-recharge/js/jquery.ui.totop.js]
[www.exotheme.com/gocargo-recharge/js/ender.js]
[www.exotheme.com/gocargo-recharge/js/owl.carousel.js]
[www.exotheme.com/gocargo-recharge/js/jquery.fitvids.js]
[www.exotheme.com/gocargo-recharge/js/jquery.plugin.js]
[www.exotheme.com/gocargo-recharge/js/wow.min.js]
[www.exotheme.com/gocargo-recharge/js/jquery.magnific-popup.min.js]
[www.exotheme.com/gocargo-recharge/js/tweecool.js]
[www.exotheme.com/gocargo-recharge/js/jquery.stellar.js]
[www.exotheme.com/gocargo-recharge/js/typed.js]
[www.exotheme.com/gocargo-recharge/js/custom.js]
[www.exotheme.com/gocargo-recharge/js/custom-tweecool.js]
[www.exotheme.com/gocargo-recharge/index.html]
[www.exotheme.com/gocargo-recharge/css/main.css]
[www.exotheme.com/gocargo-recharge/img/home/imac.png]
[www.exotheme.com/gocargo-recharge/img/about/team_1.jpg]
[www.exotheme.com/gocargo-recharge/img/about/team_2.jpg]
[www.exotheme.com/gocargo-recharge/img/about/team_3.jpg]
[www.exotheme.com/gocargo-recharge/img/about/testimonials/testimonial-1.jpg]
[www.exotheme.com/gocargo-recharge/img/about/testimonials/testimonial-2.jpg]
[www.exotheme.com/gocargo-recharge/img/about/testimonials/testimonial-3.jpg]
[www.exotheme.com/gocargo-recharge/index-2.html]
[www.exotheme.com/gocargo-recharge/img/misc/warehouse_text.png]
[www.exotheme.com/gocargo-recharge/img/poster.jpg]
[www.exotheme.com/gocargo-recharge/video/video-cargo-1.mp4]
[www.exotheme.com/gocargo-recharge/video/video-cargo-1.webm]
[www.exotheme.com/gocargo-recharge/img/contact/truck.png]
[www.exotheme.com/gocargo-recharge/index-3.html]
[www.exotheme.com/gocargo-recharge/img/services/5.png]
[www.exotheme.com/gocargo-recharge/img/services/6.png]
[www.exotheme.com/gocargo-recharge/img/services/7.png]
[www.exotheme.com/gocargo-recharge/img/services/8.png]
[www.exotheme.com/gocargo-recharge/js/instafeed.min.js]
[www.exotheme.com/gocargo-recharge/js/custom-instafeed.js]
[www.exotheme.com/gocargo-recharge/services.html]
[www.exotheme.com/gocargo-recharge/services-2.html]
[www.exotheme.com/gocargo-recharge/img/services/ocean-freight/width-1.jpg]
[www.exotheme.com/gocargo-recharge/img/services/ocean-freight/small-1.jpg]
[www.exotheme.com/gocargo-recharge/img/services/ocean-freight/small-2.jpg]
[www.exotheme.com/gocargo-recharge/img/services/ocean-freight/small-3.jpg]
[www.exotheme.com/gocargo-recharge/img/services/ocean-freight/small-4.jpg]
[www.exotheme.com/gocargo-recharge/service-details-6.html]
[www.exotheme.com/gocargo-recharge/img/misc/pic (10).jpg]
[www.exotheme.com/gocargo-recharge/service-details-1.html]
[www.exotheme.com/gocargo-recharge/img/services/air-freight/wide-1.jpg]
[www.exotheme.com/gocargo-recharge/img/services/air-freight/wide-2.jpg]
[www.exotheme.com/gocargo-recharge/img/services/air-freight/wide-3.jpg]
[www.exotheme.com/gocargo-recharge/service-details-2.html]
[www.exotheme.com/gocargo-recharge/img/services/cargo-express/small-5.jpg]
[www.exotheme.com/gocargo-recharge/img/services/cargo-express/small-6.jpg]
[www.exotheme.com/gocargo-recharge/img/services/cargo-express/small-7.jpg]
[www.exotheme.com/gocargo-recharge/service-details-3.html]
[www.exotheme.com/gocargo-recharge/img/services/contract-logistic/width-2.jpg]
[www.exotheme.com/gocargo-recharge/img/services/contract-logistic/small-8.jpg]
[www.exotheme.com/gocargo-recharge/service-details-4.html]
[www.exotheme.com/gocargo-recharge/img/services/warehousing/small-9.jpg]
[www.exotheme.com/gocargo-recharge/img/services/warehousing/small-10.jpg]
[www.exotheme.com/gocargo-recharge/img/services/warehousing/small-11.jpg]
[www.exotheme.com/gocargo-recharge/img/services/warehousing/small-12.jpg]
[www.exotheme.com/gocargo-recharge/service-details-5.html]
[www.exotheme.com/gocargo-recharge/img/misc/pic (12).jpg]
[www.exotheme.com/gocargo-recharge/service-details-alt-2.html]
[www.exotheme.com/gocargo-recharge/img/awards/throphy-1.jpg]
[www.exotheme.com/gocargo-recharge/img/awards/throphy-2.jpg]
[www.exotheme.com/gocargo-recharge/img/awards/throphy-3.jpg]
[www.exotheme.com/gocargo-recharge/img/awards/throphy-4.jpg]
[www.exotheme.com/gocargo-recharge/img/awards/throphy-5.jpg]
[www.exotheme.com/gocargo-recharge/img/awards/throphy-6.jpg]
[www.exotheme.com/gocargo-recharge/service-details-alt-3.html]
[www.exotheme.com/gocargo-recharge/service-details-alt-4.html]
[www.exotheme.com/gocargo-recharge/img/about/committment-image.png]
[www.exotheme.com/gocargo-recharge/about.html]
[www.exotheme.com/gocargo-recharge/about-2.html]
[www.exotheme.com/gocargo-recharge/about-3.html]
[www.exotheme.com/gocargo-recharge/img/clients/1.jpg]
[www.exotheme.com/gocargo-recharge/img/clients/2.jpg]
[www.exotheme.com/gocargo-recharge/img/clients/3.jpg]
[www.exotheme.com/gocargo-recharge/img/clients/4.jpg]
[www.exotheme.com/gocargo-recharge/img/clients/5.jpg]
[www.exotheme.com/gocargo-recharge/img/clients/6.jpg]
[www.exotheme.com/gocargo-recharge/img/clients/7.jpg]
[www.exotheme.com/gocargo-recharge/img/clients/8.jpg]
[www.exotheme.com/gocargo-recharge/img/clients/9.jpg]
[www.exotheme.com/gocargo-recharge/img/clients/10.jpg]
[www.exotheme.com/gocargo-recharge/img/clients/11.jpg]
[www.exotheme.com/gocargo-recharge/img/clients/12.jpg]
[www.exotheme.com/gocargo-recharge/clients.html]
[www.exotheme.com/gocargo-recharge/clients-2.html]
[www.exotheme.com/gocargo-recharge/img/about/company/small-14.jpg]
[www.exotheme.com/gocargo-recharge/img/about/company/director-1.jpg]
[www.exotheme.com/gocargo-recharge/img/about/company/team-2.jpg]
[www.exotheme.com/gocargo-recharge/img/about/company/team-3.jpg]
[www.exotheme.com/gocargo-recharge/img/signature.png]
[www.exotheme.com/gocargo-recharge/company.html]
[www.exotheme.com/gocargo-recharge/img/misc/pic (4).jpg]
[www.exotheme.com/gocargo-recharge/img/misc/pic (5).jpg]
[www.exotheme.com/gocargo-recharge/img/about/people/team-1.jpg]
[www.exotheme.com/gocargo-recharge/img/about/people/team-2.jpg]
[www.exotheme.com/gocargo-recharge/img/about/people/team-3.jpg]
[www.exotheme.com/gocargo-recharge/img/about/people/team-4.jpg]
[www.exotheme.com/gocargo-recharge/img/about/people/team-5.jpg]
[www.exotheme.com/gocargo-recharge/img/about/people/team-6.jpg]
[www.exotheme.com/gocargo-recharge/img/about/people/team-7.jpg]
[www.exotheme.com/gocargo-recharge/img/about/people/team-8.jpg]
[www.exotheme.com/gocargo-recharge/people.html]
[www.exotheme.com/gocargo-recharge/img/misc/truck-1.jpg]
[www.exotheme.com/gocargo-recharge/img/misc/truck-2.jpg]
[www.exotheme.com/gocargo-recharge/img/misc/train-1.jpg]
[www.exotheme.com/gocargo-recharge/history.html]
[www.exotheme.com/gocargo-recharge/img/about/testimonials/testimonial-4.jpg]
[www.exotheme.com/gocargo-recharge/img/about/testimonials/testimonial-5.jpg]
[www.exotheme.com/gocargo-recharge/img/about/testimonials/testimonial-6.jpg]
[www.exotheme.com/gocargo-recharge/img/about/testimonials/testimonial-7.jpg]
[www.exotheme.com/gocargo-recharge/img/about/testimonials/testimonial-8.jpg]
[www.exotheme.com/gocargo-recharge/testimonials.html]
[www.exotheme.com/gocargo-recharge/img/misc/pic (11).jpg]
[www.exotheme.com/gocargo-recharge/careers.html]
[www.exotheme.com/gocargo-recharge/faq.html]
[www.exotheme.com/gocargo-recharge/img/news/news_4.jpg]
[www.exotheme.com/gocargo-recharge/img/news/news_5.jpg]
[www.exotheme.com/gocargo-recharge/img/news/news_6.jpg]
[www.exotheme.com/gocargo-recharge/img/news/news_7.jpg]
[www.exotheme.com/gocargo-recharge/img/news/news_8.jpg]
[www.exotheme.com/gocargo-recharge/news.html]
[www.exotheme.com/gocargo-recharge/news-2.html]
[www.exotheme.com/gocargo-recharge/img/gallery/pic-1.jpg]
[www.exotheme.com/gocargo-recharge/img/gallery/pic-2.jpg]
[www.exotheme.com/gocargo-recharge/img/gallery/pic-3.jpg]
[www.exotheme.com/gocargo-recharge/img/gallery/pic-4.jpg]
[www.exotheme.com/gocargo-recharge/img/gallery/pic-5.jpg]
[www.exotheme.com/gocargo-recharge/img/gallery/pic-6.jpg]
[www.exotheme.com/gocargo-recharge/img/gallery/pic-7.jpg]
[www.exotheme.com/gocargo-recharge/img/gallery/pic-8.jpg]
[www.exotheme.com/gocargo-recharge/img/gallery/pic-9.jpg]
[www.exotheme.com/gocargo-recharge/gallery.html]
[www.exotheme.com/gocargo-recharge/js/contact.js]
[www.exotheme.com/gocargo-recharge/js/map-1.js]
[www.exotheme.com/gocargo-recharge/js/map-2.js]
[www.exotheme.com/gocargo-recharge/js/map-3.js]
[www.exotheme.com/gocargo-recharge/contact.html]
[www.exotheme.com/gocargo-recharge/js/selectnav.html]
[www.exotheme.com/gocargo-recharge/css/bootstrap.css]
[www.exotheme.com/gocargo-recharge/css/import-font.css]
[www.exotheme.com/gocargo-recharge/fonts/font-awesome/fonts/fontawesome-webfont93e3.eot]
[www.exotheme.com/gocargo-recharge/fonts/font-awesome/fonts/fontawesome-webfontd41d.eot]
[www.exotheme.com/gocargo-recharge/fonts/font-awesome/fonts/fontawesome-webfont93e3.woff]
[www.exotheme.com/gocargo-recharge/fonts/font-awesome/fonts/fontawesome-webfont93e3.ttf]
[www.exotheme.com/gocargo-recharge/fonts/font-awesome/css/font-awesome.css]
[www.exotheme.com/gocargo-recharge/fonts/et-line-font/fonts/et-line.eot]
[www.exotheme.com/gocargo-recharge/fonts/et-line-font/fonts/et-lined41d.eot]
[www.exotheme.com/gocargo-recharge/fonts/et-line-font/fonts/et-line.woff]
[www.exotheme.com/gocargo-recharge/fonts/et-line-font/fonts/et-line.ttf]
[www.exotheme.com/gocargo-recharge/fonts/et-line-font/style.css]
[www.exotheme.com/gocargo-recharge/rs-plugin/images/gradient/g30.png]
[www.exotheme.com/gocargo-recharge/rs-plugin/images/gradient/g40.png]
[www.exotheme.com/gocargo-recharge/rs-plugin/assets/shadow1.png]
[www.exotheme.com/gocargo-recharge/rs-plugin/assets/shadow2.png]
[www.exotheme.com/gocargo-recharge/rs-plugin/assets/shadow3.png]
[www.exotheme.com/gocargo-recharge/rs-plugin/assets/gridtile.png]
[www.exotheme.com/gocargo-recharge/rs-plugin/assets/gridtile_white.png]
[www.exotheme.com/gocargo-recharge/rs-plugin/assets/gridtile_3x3.png]
[www.exotheme.com/gocargo-recharge/rs-plugin/assets/gridtile_3x3_white.png]
[www.exotheme.com/gocargo-recharge/rs-plugin/assets/boxed_bgtile.png]
[www.exotheme.com/gocargo-recharge/rs-plugin/assets/navigdots_bgtile.png]
[www.exotheme.com/gocargo-recharge/rs-plugin/assets/bullet.png]
[www.exotheme.com/gocargo-recharge/rs-plugin/assets/bullets.png]
[www.exotheme.com/gocargo-recharge/rs-plugin/assets/bullets2.png]
[www.exotheme.com/gocargo-recharge/rs-plugin/assets/bullet_boxed.png]
[www.exotheme.com/gocargo-recharge/rs-plugin/assets/navigdots.png]
[www.exotheme.com/gocargo-recharge/rs-plugin/assets/large_left.png]
[www.exotheme.com/gocargo-recharge/rs-plugin/assets/large_right.png]
[www.exotheme.com/gocargo-recharge/rs-plugin/assets/small_left.png]
[www.exotheme.com/gocargo-recharge/rs-plugin/assets/small_right.png]
[www.exotheme.com/gocargo-recharge/rs-plugin/assets/arrow_left.png]
[www.exotheme.com/gocargo-recharge/rs-plugin/assets/arrow_right.png]
[www.exotheme.com/gocargo-recharge/rs-plugin/assets/small_left_boxed.png]
[www.exotheme.com/gocargo-recharge/rs-plugin/assets/small_right_boxed.png]
[www.exotheme.com/gocargo-recharge/rs-plugin/assets/arrowleft.png]
[www.exotheme.com/gocargo-recharge/rs-plugin/assets/arrowright.png]
[www.exotheme.com/gocargo-recharge/rs-plugin/assets/arrow_left2.png]
[www.exotheme.com/gocargo-recharge/rs-plugin/assets/arrow_right2.png]
[www.exotheme.com/gocargo-recharge/rs-plugin/assets/timer.png]
[www.exotheme.com/gocargo-recharge/rs-plugin/assets/coloredbg.png]
[www.exotheme.com/gocargo-recharge/rs-plugin/assets/loader.gif]
[www.exotheme.com/gocargo-recharge/rs-plugin/font/revicons90c6.eot]
[www.exotheme.com/gocargo-recharge/rs-plugin/font/revicons90c6.woff]
[www.exotheme.com/gocargo-recharge/rs-plugin/font/revicons90c6.ttf]
[www.exotheme.com/gocargo-recharge/rs-plugin/css/settings.css]
[www.exotheme.com/gocargo-recharge/css/owl.carousel.css]
[www.exotheme.com/gocargo-recharge/css/owl.theme.css]
[www.exotheme.com/gocargo-recharge/css/owl.transitions.css]
[www.exotheme.com/gocargo-recharge/css/animate.css]
[www.exotheme.com/gocargo-recharge/css/magnific-popup.css]
[www.exotheme.com/gocargo-recharge/img/about/company/truck.png]
[www.exotheme.com/gocargo-recharge/img/bg/bg-2.jpg]
[www.exotheme.com/gocargo-recharge/img/bg/bg_square_1.jpg]
[www.exotheme.com/gocargo-recharge/img/bg/bg_1.jpg]
[www.exotheme.com/gocargo-recharge/img/bg/bg_2.jpg]
[www.exotheme.com/gocargo-recharge/img/bg/bg_3.jpg]
[www.exotheme.com/gocargo-recharge/img/ui.totop.png]
[www.exotheme.com/gocargo-recharge/img/loader.gif]
[www.exotheme.com/gocargo-recharge/css/style.css]
[www.exotheme.com/gocargo-recharge/css/rev-settings.css]
[www.exotheme.com/gocargo-recharge/img/bg/bg_side_4.jpg]
[www.exotheme.com/gocargo-recharge/img/bg/bg-tile.jpg]
[www.exotheme.com/gocargo-recharge/img/bg/bg_contact_form.jpg]
[www.exotheme.com/gocargo-recharge/img/bg/bg_slider_2.jpg]
[www.exotheme.com/gocargo-recharge/img/bg/bg_slider_3.jpg]
[www.exotheme.com/gocargo-recharge/img/bg/bg-4.jpg]
[www.exotheme.com/gocargo-recharge/img/bg/bg-6.jpg]
[www.exotheme.com/gocargo-recharge/img/bg/bg_side_1.jpg]
[www.exotheme.com/gocargo-recharge/img/bg/bg_side_2.jpg]
[www.exotheme.com/gocargo-recharge/img/bg/bg_side_3.jpg]
[www.exotheme.com/gocargo-recharge/img/onepage/bg-1.jpg]
[www.exotheme.com/gocargo-recharge/img/onepage/bg-2.jpg]
[www.exotheme.com/gocargo-recharge/img/onepage/bg-3.jpg]
[www.exotheme.com/gocargo-recharge/img/onepage/bg-4.jpg]
[www.exotheme.com/gocargo-recharge/img/onepage/bg-5.jpg]
[www.exotheme.com/gocargo-recharge/img/bg/bg_services_1.jpg]
[www.exotheme.com/gocargo-recharge/img/bg/bg_services_2.jpg]
[www.exotheme.com/gocargo-recharge/img/bg/bg_services_3.jpg]
[www.exotheme.com/gocargo-recharge/img/bg/bg_services_4.jpg]
[www.exotheme.com/gocargo-recharge/img/bg/bg_services_5.jpg]
[www.exotheme.com/gocargo-recharge/img/bg/bg_services_6.jpg]
[www.exotheme.com/gocargo-recharge/img/bg/bg_services_7.jpg]
[www.exotheme.com/gocargo-recharge/img/bg/bg_services_8.jpg]
[www.exotheme.com/gocargo-recharge/img/bg/bg_about.jpg]
[www.exotheme.com/gocargo-recharge/img/bg/background-subheader-2-service.jpg]
[www.exotheme.com/gocargo-recharge/img/bg/bg_news.jpg]
[www.exotheme.com/gocargo-recharge/img/bg/bg_gallery_all.jpg]
[www.exotheme.com/gocargo-recharge/img/bg/bg_contact.jpg]
[www.exotheme.com/gocargo-recharge/img/bg/bg-3.jpg]
[www.exotheme.com/gocargo-recharge/img/bg/bg-5.jpg]
[www.exotheme.com/gocargo-recharge/img/loader-2.gif]
[www.exotheme.com/gocargo-recharge/css/custom.css]
[www.exotheme.com/gocargo-recharge/css/color/yellow.css]
[www.exotheme.com/gocargo-recharge/video/video-cargo-1.mp4]
[www.exotheme.com/gocargo-recharge/service-details-6.html]
[www.exotheme.com/gocargo-recharge/testimonial.html]
[www.exotheme.com/gocargo-recharge/fonts/glyphicons-halflings-regular.html]
[www.exotheme.com/gocargo-recharge/fonts/glyphicons-halflings-regulard41d.html]
[www.exotheme.com/gocargo-recharge/fonts/glyphicons-halflings-regular-2.html]
[www.exotheme.com/gocargo-recharge/fonts/glyphicons-halflings-regular-3.html]
[www.exotheme.com/gocargo-recharge/fonts/glyphicons-halflings-regular-4.html]
[www.exotheme.com/gocargo-recharge/fonts/font-awesome/fonts/fontawesome-webfont93e3.html]
[www.exotheme.com/gocargo-recharge/fonts/font-awesome/fonts/fontawesome-webfont93e3.svg]
[www.exotheme.com/gocargo-recharge/fonts/et-line-font/fonts/et-line.svg]
[www.exotheme.com/gocargo-recharge/rs-plugin/font/revicons90c6.svg]
[www.exotheme.com/gocargo-recharge/css/grabbing.html]
[www.exotheme.com/gocargo-recharge/css/AjaxLoader.html]
[www.exotheme.com/gocargo-recharge/img/bg/bg-subheader.html]
[www.exotheme.com/gocargo-recharge/img/bg/bg-subheader-1.html]
[www.exotheme.com/gocargo-recharge/img/bg/bg-subheader-2.html]
[www.exotheme.com/gocargo-recharge/img/bg/bg-subheader-3.html]
[www.exotheme.com/gocargo-recharge/img/bg/bg-subheader-4.html]
[www.exotheme.com/gocargo-recharge/img/bg/bg-subheader-5.html]
[www.exotheme.com/gocargo-recharge/img/dotwhite50.html]
[www.exotheme.com/gocargo-recharge/img/arrow-2.html]
[www.exotheme.com/gocargo-recharge/img/icon-user.html]
[www.exotheme.com/gocargo-recharge/img/icon-folder.html]
[www.exotheme.com/gocargo-recharge/img/bg_full_2.html]
[www.exotheme.com/gocargo-recharge/img/divider-1.html]
[www.exotheme.com/gocargo-recharge/css/video-bg.html]
[www.exotheme.com/gocargo-recharge/img/list-arrow.html]
[www.exotheme.com/gocargo-recharge/img/bg_full_1.html]
[www.exotheme.com/gocargo-recharge/img/misc/pic-6.html]
[www.exotheme.com/gocargo-recharge/img/bg_full_3.html]
[www.exotheme.com/gocargo-recharge/img/bg/bg_service_1.html]
[www.exotheme.com/gocargo-recharge/img/bg/bg_service_2.html]
[www.exotheme.com/gocargo-recharge/img/bg/bg_service_3.html]
[www.exotheme.com/gocargo-recharge/img/bg_service_4.html]
[www.exotheme.com/gocargo-recharge/img/bg_service_5.html]
[www.exotheme.com/gocargo-recharge/img/bg_service_6.html]
[www.exotheme.com/gocargo-recharge/img/bg/bg_square_2.html]
[www.exotheme.com/gocargo-recharge/img/bg/bg_service_details_1.html]
[www.exotheme.com/gocargo-recharge/img/bg/bg_service_details_2.html]
[www.exotheme.com/gocargo-recharge/img/bg/bg_service_details_3.html]
[www.exotheme.com/gocargo-recharge/img/bg-big-1.html]
[www.exotheme.com/gocargo-recharge/img/bg/bg_services_9.html]
