[jthemes.net/themes/f-html/GO-Courier/index.html]
[backblue.gif]
[fade.gif]
[index.html]
[jthemes.net/themes/f-html/GO-Courier/assets/plugins/bootstrap-3.3.6/css/bootstrap.min.css]
[jthemes.net/themes/f-html/GO-Courier/assets/plugins/bootstrap-select-1.10.0/dist/css/bootstrap-select.min.css]
[jthemes.net/themes/f-html/GO-Courier/assets/plugins/font-awesome-4.6.1/css/font-awesome.min.css]
[jthemes.net/themes/f-html/GO-Courier/assets/plugins/font-elegant/elegant.css]
[jthemes.net/themes/f-html/GO-Courier/assets/plugins/owl.carousel.2/assets/owl.carousel.css]
[jthemes.net/themes/f-html/GO-Courier/assets/css/animate.css]
[jthemes.net/themes/f-html/GO-Courier/assets/css/theme.css]
[jthemes.net/themes/f-html/GO-Courier/assets/img/logo/logo-black.png]
[jthemes.net/themes/f-html/GO-Courier/index-2.html]
[jthemes.net/themes/f-html/GO-Courier/index-3.html]
[jthemes.net/themes/f-html/GO-Courier/index-4.html]
[jthemes.net/themes/f-html/GO-Courier/about-us.html]
[jthemes.net/themes/f-html/GO-Courier/tracking.html]
[jthemes.net/themes/f-html/GO-Courier/pricing-plans.html]
[jthemes.net/themes/f-html/GO-Courier/contact-us.html]
[jthemes.net/themes/f-html/GO-Courier/blog.html]
[jthemes.net/themes/f-html/GO-Courier/blog-left.html]
[jthemes.net/themes/f-html/GO-Courier/single-blog.html]
[jthemes.net/themes/f-html/GO-Courier/get-quote.html]
[jthemes.net/themes/f-html/GO-Courier/contact-us-2.html]
[jthemes.net/themes/f-html/GO-Courier/404.html]
[jthemes.net/themes/f-html/GO-Courier/coming-soon.html]
[jthemes.net/themes/f-html/GO-Courier/assets/img/icons/icon-1.png]
[jthemes.net/themes/f-html/GO-Courier/assets/img/icons/icon-2.png]
[jthemes.net/themes/f-html/GO-Courier/assets/img/icons/icon-3.png]
[jthemes.net/themes/f-html/GO-Courier/assets/img/icons/icon-4.png]
[jthemes.net/themes/f-html/GO-Courier/assets/img/block/about-img.png]
[jthemes.net/themes/f-html/GO-Courier/assets/img/block/Courier-Man.png]
[jthemes.net/themes/f-html/GO-Courier/assets/img/block/step-img.png]
[jthemes.net/themes/f-html/GO-Courier/assets/img/block/delivery.png]
[jthemes.net/themes/f-html/GO-Courier/assets/img/block/testimonial-1.png]
[jthemes.net/themes/f-html/GO-Courier/assets/img/logo/logo-white.png]
[jthemes.net/themes/f-html/GO-Courier/assets/img/icons/payment-1.png]
[jthemes.net/themes/f-html/GO-Courier/assets/img/icons/payment-2.png]
[jthemes.net/themes/f-html/GO-Courier/assets/img/icons/payment-3.png]
[jthemes.net/themes/f-html/GO-Courier/assets/img/icons/payment-4.png]
[jthemes.net/themes/f-html/GO-Courier/assets/js/jquery-2.2.4.min.js]
[jthemes.net/themes/f-html/GO-Courier/assets/plugins/bootstrap-3.3.6/js/bootstrap.min.js]
[jthemes.net/themes/f-html/GO-Courier/assets/plugins/bootstrap-select-1.10.0/dist/js/bootstrap-select.min.js]
[jthemes.net/themes/f-html/GO-Courier/assets/plugins/owl.carousel.2/owl.carousel.min.js]
[jthemes.net/themes/f-html/GO-Courier/assets/js/jquery.sticky.js]
[jthemes.net/themes/f-html/GO-Courier/assets/plugins/WOW-master/dist/wow.min.js]
[jthemes.net/themes/f-html/GO-Courier/assets/plugins/data.binder.js/data.binder.js]
[jthemes.net/themes/f-html/GO-Courier/index.html]
[jthemes.net/themes/f-html/GO-Courier/assets/js/theme.js]
[jthemes.net/themes/f-html/GO-Courier/assets/plugins/bootstrap-3.3.6/fonts/glyphicons-halflings-regular.eot]
[jthemes.net/themes/f-html/GO-Courier/assets/plugins/bootstrap-3.3.6/fonts/glyphicons-halflings-regulard41d.eot]
[jthemes.net/themes/f-html/GO-Courier/assets/plugins/bootstrap-3.3.6/fonts/glyphicons-halflings-regular.woff]
[jthemes.net/themes/f-html/GO-Courier/assets/plugins/bootstrap-3.3.6/fonts/glyphicons-halflings-regular.ttf]
[jthemes.net/themes/f-html/GO-Courier/assets/plugins/bootstrap-3.3.6/css/bootstrap.min.css]
[jthemes.net/themes/f-html/GO-Courier/assets/plugins/bootstrap-select-1.10.0/dist/css/bootstrap-select.min.css]
[jthemes.net/themes/f-html/GO-Courier/assets/plugins/font-awesome-4.6.1/fonts/fontawesome-webfont914c.eot]
[jthemes.net/themes/f-html/GO-Courier/assets/plugins/font-awesome-4.6.1/fonts/fontawesome-webfontd41d.eot]
[jthemes.net/themes/f-html/GO-Courier/assets/plugins/font-awesome-4.6.1/fonts/fontawesome-webfont914c.woff]
[jthemes.net/themes/f-html/GO-Courier/assets/plugins/font-awesome-4.6.1/fonts/fontawesome-webfont914c.ttf]
[jthemes.net/themes/f-html/GO-Courier/assets/plugins/font-awesome-4.6.1/css/font-awesome.min.css]
[jthemes.net/themes/f-html/GO-Courier/assets/plugins/font-elegant/fonts/ElegantIcons.eot]
[jthemes.net/themes/f-html/GO-Courier/assets/plugins/font-elegant/fonts/ElegantIconsd41d.eot]
[jthemes.net/themes/f-html/GO-Courier/assets/plugins/font-elegant/fonts/ElegantIcons.woff]
[jthemes.net/themes/f-html/GO-Courier/assets/plugins/font-elegant/fonts/ElegantIcons.ttf]
[jthemes.net/themes/f-html/GO-Courier/assets/plugins/font-elegant/elegant.css]
[jthemes.net/themes/f-html/GO-Courier/assets/plugins/owl.carousel.2/assets/owl.carousel.css]
[jthemes.net/themes/f-html/GO-Courier/assets/css/animate.css]
[jthemes.net/themes/f-html/GO-Courier/assets/img/pattern/topbar-bg.jpg]
[jthemes.net/themes/f-html/GO-Courier/assets/img/background/banner-1.jpg]
[jthemes.net/themes/f-html/GO-Courier/assets/img/background/banner-2.jpg]
[jthemes.net/themes/f-html/GO-Courier/assets/img/background/step-bg.jpg]
[jthemes.net/themes/f-html/GO-Courier/assets/img/background/testimonial-bg.jpg]
[jthemes.net/themes/f-html/GO-Courier/assets/img/background/MAP.png]
[jthemes.net/themes/f-html/GO-Courier/assets/img/pattern/footer-top-bg.png]
[jthemes.net/themes/f-html/GO-Courier/assets/css/theme.css]
[jthemes.net/themes/f-html/GO-Courier/index-2.html]
[jthemes.net/themes/f-html/GO-Courier/assets/img/logo/logo-2.png]
[jthemes.net/themes/f-html/GO-Courier/index-3.html]
[jthemes.net/themes/f-html/GO-Courier/index-4.html]
[jthemes.net/themes/f-html/GO-Courier/about-us.html]
[jthemes.net/themes/f-html/GO-Courier/assets/img/block/product-1.jpg]
[jthemes.net/themes/f-html/GO-Courier/tracking.html]
[jthemes.net/themes/f-html/GO-Courier/pricing-plans.html]
[jthemes.net/themes/f-html/GO-Courier/assets/js/theme-ajax-mail.js]
[jthemes.net/themes/f-html/GO-Courier/contact-us.html]
[jthemes.net/themes/f-html/GO-Courier/assets/img/flickr/flickr-feed.jpg]
[jthemes.net/themes/f-html/GO-Courier/blog.html]
[jthemes.net/themes/f-html/GO-Courier/blog-left.html]
[jthemes.net/themes/f-html/GO-Courier/single-blog.html]
[jthemes.net/themes/f-html/GO-Courier/get-quote.html]
[jthemes.net/themes/f-html/GO-Courier/assets/img/background/contact-map.png]
[jthemes.net/themes/f-html/GO-Courier/assets/img/icons/marker-1.png]
[jthemes.net/themes/f-html/GO-Courier/contact-us-2.html]
[jthemes.net/themes/f-html/GO-Courier/404.html]
[jthemes.net/themes/f-html/GO-Courier/coming-soon.html]
[jthemes.net/themes/f-html/GO-Courier/assets/plugins/bootstrap-3.3.6/fonts/glyphicons-halflings-regular.html]
[jthemes.net/themes/f-html/GO-Courier/assets/plugins/bootstrap-3.3.6/fonts/glyphicons-halflings-regular.svg]
[jthemes.net/themes/f-html/GO-Courier/assets/plugins/font-awesome-4.6.1/fonts/fontawesome-webfont914c.html]
[jthemes.net/themes/f-html/GO-Courier/assets/plugins/font-awesome-4.6.1/fonts/fontawesome-webfont914c.svg]
[jthemes.net/themes/f-html/GO-Courier/assets/plugins/font-elegant/fonts/ElegantIcons.svg]
[jthemes.net/themes/f-html/GO-Courier/assets/plugins/owl.carousel.2/assets/owl.video.play.html]
[jthemes.net/themes/f-html/GO-Courier/assets/plugins/jQuery.countdown-master/dist/jquery.countdown.min.js]
