[themeadapt.com/tf/logistex/index.html]
[backblue.gif]
[fade.gif]
[index.html]
[themeadapt.com/tf/logistex/assets/img/favicon.png]
[themeadapt.com/tf/logistex/assets/css/bootstrap.min.css]
[themeadapt.com/tf/logistex/assets/css/animate.min.css]
[themeadapt.com/tf/logistex/assets/css/magnific-popup.css]
[themeadapt.com/tf/logistex/assets/css/fontawesome-all.min.css]
[themeadapt.com/tf/logistex/assets/css/flaticon.css]
[themeadapt.com/tf/logistex/assets/css/odometer.css]
[themeadapt.com/tf/logistex/assets/css/swiper-bundle.css]
[themeadapt.com/tf/logistex/assets/css/jquery-ui.css]
[themeadapt.com/tf/logistex/assets/css/aos.css]
[themeadapt.com/tf/logistex/assets/css/default.css]
[themeadapt.com/tf/logistex/assets/css/default-icons.css]
[themeadapt.com/tf/logistex/assets/css/main.css]
[themeadapt.com/tf/logistex/contact.html]
[themeadapt.com/tf/logistex/index-2.html]
[themeadapt.com/tf/logistex/assets/img/logo/logo.svg]
[themeadapt.com/tf/logistex/index-3.html]
[themeadapt.com/tf/logistex/index-4.html]
[themeadapt.com/tf/logistex/index-5.html]
[themeadapt.com/tf/logistex/about.html]
[themeadapt.com/tf/logistex/who-we-are.html]
[themeadapt.com/tf/logistex/history.html]
[themeadapt.com/tf/logistex/services.html]
[themeadapt.com/tf/logistex/services-details.html]
[themeadapt.com/tf/logistex/project.html]
[themeadapt.com/tf/logistex/project-details.html]
[themeadapt.com/tf/logistex/team.html]
[themeadapt.com/tf/logistex/team-details.html]
[themeadapt.com/tf/logistex/how-it-work.html]
[themeadapt.com/tf/logistex/pricing.html]
[themeadapt.com/tf/logistex/faq.html]
[themeadapt.com/tf/logistex/testimonial.html]
[themeadapt.com/tf/logistex/client.html]
[themeadapt.com/tf/logistex/blog.html]
[themeadapt.com/tf/logistex/blog-details.html]
[themeadapt.com/tf/logistex/assets/img/banner/banner_bg.jpg]
[themeadapt.com/tf/logistex/assets/img/icon/right_arrow.svg]
[themeadapt.com/tf/logistex/assets/img/banner/banner_img01.png]
[themeadapt.com/tf/logistex/assets/img/banner/banner_shape.png]
[themeadapt.com/tf/logistex/assets/img/banner/banner_img02.png]
[themeadapt.com/tf/logistex/assets/img/images/about_img01.png]
[themeadapt.com/tf/logistex/assets/img/images/about_img02.png]
[themeadapt.com/tf/logistex/assets/img/images/about_img03.png]
[themeadapt.com/tf/logistex/assets/img/images/author01.png]
[themeadapt.com/tf/logistex/assets/img/images/author02.png]
[themeadapt.com/tf/logistex/assets/img/images/author03.png]
[themeadapt.com/tf/logistex/assets/img/images/author04.png]
[themeadapt.com/tf/logistex/assets/img/images/about_shape.png]
[themeadapt.com/tf/logistex/assets/img/brand/brand_img01.png]
[themeadapt.com/tf/logistex/assets/img/brand/brand_img02.png]
[themeadapt.com/tf/logistex/assets/img/brand/brand_img03.png]
[themeadapt.com/tf/logistex/assets/img/brand/brand_img04.png]
[themeadapt.com/tf/logistex/assets/img/brand/brand_img05.png]
[themeadapt.com/tf/logistex/assets/img/brand/brand_img06.png]
[themeadapt.com/tf/logistex/assets/img/services/services_img01.jpg]
[themeadapt.com/tf/logistex/assets/img/services/services_img02.jpg]
[themeadapt.com/tf/logistex/assets/img/services/services_img03.jpg]
[themeadapt.com/tf/logistex/assets/img/services/services_img04.jpg]
[themeadapt.com/tf/logistex/assets/img/services/services_shape01.png]
[themeadapt.com/tf/logistex/assets/img/services/services_shape02.png]
[themeadapt.com/tf/logistex/assets/img/images/choose_img01.jpg]
[themeadapt.com/tf/logistex/assets/img/images/achieved_img.png]
[themeadapt.com/tf/logistex/assets/img/images/achieved_shape.png]
[themeadapt.com/tf/logistex/assets/img/icon/star.svg]
[themeadapt.com/tf/logistex/assets/img/project/project_img01.jpg]
[themeadapt.com/tf/logistex/assets/img/project/project_img02.jpg]
[themeadapt.com/tf/logistex/assets/img/bg/vector_bg02.svg]
[themeadapt.com/tf/logistex/assets/img/bg/vector_bg.svg]
[themeadapt.com/tf/logistex/assets/img/project/project_img03.jpg]
[themeadapt.com/tf/logistex/assets/img/bg/video_bg.jpg]
[themeadapt.com/tf/logistex/assets/img/images/testimonial_shape.png]
[themeadapt.com/tf/logistex/assets/img/images/work_shape01.svg]
[themeadapt.com/tf/logistex/assets/img/images/work_shape02.svg]
[themeadapt.com/tf/logistex/assets/img/blog/blog_img01.jpg]
[themeadapt.com/tf/logistex/assets/img/blog/blog_img02.jpg]
[themeadapt.com/tf/logistex/assets/img/blog/blog_img03.jpg]
[themeadapt.com/tf/logistex/assets/img/images/cta_shape.png]
[themeadapt.com/tf/logistex/assets/img/logo/w_logo.svg]
[themeadapt.com/tf/logistex/assets/img/images/footer_shape01.png]
[themeadapt.com/tf/logistex/assets/img/images/footer_shape02.png]
[themeadapt.com/tf/logistex/assets/js/bootstrap.bundle.min.js]
[themeadapt.com/tf/logistex/assets/js/vendor/jquery-3.6.0.min.js]
[themeadapt.com/tf/logistex/assets/js/jquery.magnific-popup.min.js]
[themeadapt.com/tf/logistex/assets/js/jquery.counterup.min.js]
[themeadapt.com/tf/logistex/assets/js/jquery.appear.js]
[themeadapt.com/tf/logistex/assets/js/swiper-bundle.min.js]
[themeadapt.com/tf/logistex/assets/js/svg-inject.min.js]
[themeadapt.com/tf/logistex/assets/js/ajax-form.js]
[themeadapt.com/tf/logistex/assets/js/jquery.marquee.min.js]
[themeadapt.com/tf/logistex/assets/js/jquery-ui.min.js]
[themeadapt.com/tf/logistex/assets/js/wow.min.js]
[themeadapt.com/tf/logistex/assets/js/aos.js]
[themeadapt.com/tf/logistex/index.html]
[themeadapt.com/tf/logistex/assets/css/bootstrap.min.css]
[themeadapt.com/tf/logistex/assets/css/animate.min.css]
[themeadapt.com/tf/logistex/assets/css/magnific-popup.css]
[themeadapt.com/tf/logistex/assets/js/main.js]
[themeadapt.com/tf/logistex/assets/fonts/fa-brands-400.woff2]
[themeadapt.com/tf/logistex/assets/fonts/fa-brands-400d41d.eot]
[themeadapt.com/tf/logistex/assets/fonts/fa-brands-400.eot]
[themeadapt.com/tf/logistex/assets/fonts/fa-brands-400.woff]
[themeadapt.com/tf/logistex/assets/fonts/fa-brands-400.ttf]
[themeadapt.com/tf/logistex/assets/fonts/fa-regular-400.eot]
[themeadapt.com/tf/logistex/assets/fonts/fa-regular-400d41d.eot]
[themeadapt.com/tf/logistex/assets/fonts/fa-regular-400.woff2]
[themeadapt.com/tf/logistex/assets/fonts/fa-brands-400.svg]
[themeadapt.com/tf/logistex/assets/fonts/fa-regular-400.woff]
[themeadapt.com/tf/logistex/assets/fonts/fa-regular-400.ttf]
[themeadapt.com/tf/logistex/assets/fonts/fa-regular-400.svg]
[themeadapt.com/tf/logistex/assets/fonts/fa-solid-900.eot]
[themeadapt.com/tf/logistex/assets/fonts/fa-solid-900.woff2]
[themeadapt.com/tf/logistex/assets/fonts/fa-solid-900d41d.eot]
[themeadapt.com/tf/logistex/assets/fonts/fa-solid-900.woff]
[themeadapt.com/tf/logistex/assets/fonts/fa-solid-900.ttf]
[themeadapt.com/tf/logistex/assets/css/fontawesome-all.min.css]
[themeadapt.com/tf/logistex/assets/fonts/flaticon_lgdt.eot]
[themeadapt.com/tf/logistex/assets/fonts/flaticon_lgdtd41d.eot]
[themeadapt.com/tf/logistex/assets/fonts/flaticon_lgdt.woff2]
[themeadapt.com/tf/logistex/assets/fonts/fa-solid-900.svg]
[themeadapt.com/tf/logistex/assets/fonts/flaticon_lgdt.woff]
[themeadapt.com/tf/logistex/assets/fonts/flaticon_lgdt.ttf]
[themeadapt.com/tf/logistex/assets/css/flaticon.css]
[themeadapt.com/tf/logistex/assets/css/odometer.css]
[themeadapt.com/tf/logistex/assets/css/swiper-bundle.css]
[themeadapt.com/tf/logistex/assets/css/jquery-ui.css]
[themeadapt.com/tf/logistex/assets/css/aos.css]
[themeadapt.com/tf/logistex/assets/css/default.css]
[themeadapt.com/tf/logistex/assets/fonts/flaticon_lgdt.svg]
[themeadapt.com/tf/logistex/assets/fonts/flat-icon/flaticon_tg_defaultbada.ttf]
[themeadapt.com/tf/logistex/assets/fonts/flat-icon/flaticon_tg_defaultbada.woff]
[themeadapt.com/tf/logistex/assets/fonts/flat-icon/flaticon_tg_defaultbada.woff2]
[themeadapt.com/tf/logistex/assets/fonts/flat-icon/flaticon_tg_defaultbada.eot]
[themeadapt.com/tf/logistex/assets/css/default-icons.css]
[themeadapt.com/tf/logistex/assets/fonts/flat-icon/flaticon_tg_defaultbada.svg]
[themeadapt.com/tf/logistex/assets/img/services/mask_img.svg]
[themeadapt.com/tf/logistex/assets/css/main.css]
[themeadapt.com/tf/logistex/assets/img/logo/logo02.svg]
[themeadapt.com/tf/logistex/assets/img/bg/breadcrumb_bg.jpg]
[themeadapt.com/tf/logistex/assets/img/images/inner_footer_shape01.svg]
[themeadapt.com/tf/logistex/assets/img/images/inner_footer_shape02.svg]
[themeadapt.com/tf/logistex/contact.html]
[themeadapt.com/tf/logistex/index-2.html]
[themeadapt.com/tf/logistex/assets/img/logo/logo.svg]
[themeadapt.com/tf/logistex/assets/img/slider/slider_bg01.jpg]
[themeadapt.com/tf/logistex/assets/img/slider/slider_shape.svg]
[themeadapt.com/tf/logistex/assets/img/slider/slider_bg02.jpg]
[themeadapt.com/tf/logistex/assets/img/images/newsletter_shape01.svg]
[themeadapt.com/tf/logistex/assets/img/images/newsletter_shape02.svg]
[themeadapt.com/tf/logistex/assets/img/images/h2_about_img01.jpg]
[themeadapt.com/tf/logistex/assets/img/images/h2_about_img02.jpg]
[themeadapt.com/tf/logistex/assets/img/images/h2_about_img03.jpg]
[themeadapt.com/tf/logistex/assets/img/images/request_shape.svg]
[themeadapt.com/tf/logistex/assets/img/images/h2_choose_img.jpg]
[themeadapt.com/tf/logistex/assets/img/images/choose_logo.svg]
[themeadapt.com/tf/logistex/assets/img/images/choose_shape.svg]
[themeadapt.com/tf/logistex/assets/img/bg/vector_bg03.svg]
[themeadapt.com/tf/logistex/assets/img/project/project_img04.jpg]
[themeadapt.com/tf/logistex/assets/img/project/project_img10.jpg]
[themeadapt.com/tf/logistex/assets/img/project/project_img09.jpg]
[themeadapt.com/tf/logistex/assets/img/project/project_img08.jpg]
[themeadapt.com/tf/logistex/assets/img/images/cta_img.jpg]
[themeadapt.com/tf/logistex/assets/img/team/h2_team_img01.png]
[themeadapt.com/tf/logistex/assets/img/team/h2_team_img02.png]
[themeadapt.com/tf/logistex/assets/img/team/h2_team_img03.png]
[themeadapt.com/tf/logistex/assets/img/team/h2_team_img04.png]
[themeadapt.com/tf/logistex/assets/img/blog/h2_blog_img01.jpg]
[themeadapt.com/tf/logistex/assets/img/blog/h2_blog_img02.jpg]
[themeadapt.com/tf/logistex/assets/img/blog/h2_blog_img03.jpg]
[themeadapt.com/tf/logistex/index-3.html]
[themeadapt.com/tf/logistex/assets/img/logo/logo03.svg]
[themeadapt.com/tf/logistex/assets/img/banner/h3_hero_bg.jpg]
[themeadapt.com/tf/logistex/assets/img/banner/hero_title_img.jpg]
[themeadapt.com/tf/logistex/assets/img/banner/h3_hero_img01.png]
[themeadapt.com/tf/logistex/assets/img/banner/h3_hero_shape01.png]
[themeadapt.com/tf/logistex/assets/img/banner/h3_hero_shape02.png]
[themeadapt.com/tf/logistex/assets/img/banner/h3_hero_shape03.png]
[themeadapt.com/tf/logistex/assets/img/banner/h3_hero_img02.png]
[themeadapt.com/tf/logistex/assets/img/banner/h3_hero_img03.png]
[themeadapt.com/tf/logistex/assets/img/images/features_shape.svg]
[themeadapt.com/tf/logistex/assets/img/images/h3_about_img01.jpg]
[themeadapt.com/tf/logistex/assets/img/images/h3_about_img02.jpg]
[themeadapt.com/tf/logistex/assets/img/images/h3_about_img03.jpg]
[themeadapt.com/tf/logistex/assets/img/images/about_author.png]
[themeadapt.com/tf/logistex/assets/img/images/signature.png]
[themeadapt.com/tf/logistex/assets/img/images/h3_about_shape.svg]
[themeadapt.com/tf/logistex/assets/img/services/services_img06.jpg]
[themeadapt.com/tf/logistex/assets/img/services/services_img07.jpg]
[themeadapt.com/tf/logistex/assets/img/bg/video_bg03.jpg]
[themeadapt.com/tf/logistex/assets/img/team/team_img01.png]
[themeadapt.com/tf/logistex/assets/img/team/team_img02.png]
[themeadapt.com/tf/logistex/assets/img/bg/vector_bg04.svg]
[themeadapt.com/tf/logistex/assets/img/team/team_img03.png]
[themeadapt.com/tf/logistex/assets/img/team/team_img04.png]
[themeadapt.com/tf/logistex/assets/img/team/h3_team_shape.svg]
[themeadapt.com/tf/logistex/assets/img/images/h3_footer_shape01.svg]
[themeadapt.com/tf/logistex/assets/img/images/h3_footer_shape02.svg]
[themeadapt.com/tf/logistex/index-4.html]
[themeadapt.com/tf/logistex/assets/img/slider/h4_slider_bg01.jpg]
[themeadapt.com/tf/logistex/assets/img/images/faq_shape.svg]
[themeadapt.com/tf/logistex/assets/img/slider/h4_slider_bg02.jpg]
[themeadapt.com/tf/logistex/assets/img/images/h4_about_img.jpg]
[themeadapt.com/tf/logistex/assets/img/images/signature02.png]
[themeadapt.com/tf/logistex/assets/img/images/h4_about_shape.svg]
[themeadapt.com/tf/logistex/assets/img/services/services_img08.jpg]
[themeadapt.com/tf/logistex/assets/img/services/services_img09.jpg]
[themeadapt.com/tf/logistex/assets/img/services/h4_services_shape01.svg]
[themeadapt.com/tf/logistex/assets/img/services/h4_services_shape02.svg]
[themeadapt.com/tf/logistex/assets/img/bg/video_bg02.jpg]
[themeadapt.com/tf/logistex/assets/img/bg/vector_bg05.svg]
[themeadapt.com/tf/logistex/assets/img/services/h4_services_shape03.svg]
[themeadapt.com/tf/logistex/assets/img/images/h4_testimonial_shape.svg]
[themeadapt.com/tf/logistex/assets/img/project/project_img05.jpg]
[themeadapt.com/tf/logistex/assets/img/project/project_img06.jpg]
[themeadapt.com/tf/logistex/assets/img/project/project_img07.jpg]
[themeadapt.com/tf/logistex/index-5.html]
[themeadapt.com/tf/logistex/assets/img/images/inner_about_img01.jpg]
[themeadapt.com/tf/logistex/assets/img/images/inner_about_img02.jpg]
[themeadapt.com/tf/logistex/assets/img/images/features_shape.png]
[themeadapt.com/tf/logistex/assets/img/bg/team_bg.jpg]
[themeadapt.com/tf/logistex/about.html]
[themeadapt.com/tf/logistex/assets/img/team/team_shape.svg]
[themeadapt.com/tf/logistex/assets/img/images/mission_img.jpg]
[themeadapt.com/tf/logistex/assets/img/images/vision_img.jpg]
[themeadapt.com/tf/logistex/who-we-are.html]
[themeadapt.com/tf/logistex/assets/img/images/history_img01.jpg]
[themeadapt.com/tf/logistex/assets/img/images/years_shape.svg]
[themeadapt.com/tf/logistex/assets/img/images/history_img02.jpg]
[themeadapt.com/tf/logistex/assets/img/images/history_img03.jpg]
[themeadapt.com/tf/logistex/history.html]
[themeadapt.com/tf/logistex/services.html]
[themeadapt.com/tf/logistex/assets/img/services/services_details_inner_img.jpg]
[themeadapt.com/tf/logistex/assets/img/images/mission_shape.svg]
[themeadapt.com/tf/logistex/assets/img/services/services_sidebar_shape.png]
[themeadapt.com/tf/logistex/assets/img/icon/pdf.svg]
[themeadapt.com/tf/logistex/services-details.html]
[themeadapt.com/tf/logistex/project.html]
[themeadapt.com/tf/logistex/project-details.html]
[themeadapt.com/tf/logistex/team.html]
[themeadapt.com/tf/logistex/assets/img/icon/doc.svg]
[themeadapt.com/tf/logistex/assets/img/team/team_details_img.jpg]
[themeadapt.com/tf/logistex/team-details.html]
[themeadapt.com/tf/logistex/how-it-work.html]
[themeadapt.com/tf/logistex/pricing.html]
[themeadapt.com/tf/logistex/faq.html]
[themeadapt.com/tf/logistex/testimonial.html]
[themeadapt.com/tf/logistex/client.html]
[themeadapt.com/tf/logistex/blog.html]
[themeadapt.com/tf/logistex/assets/img/icon/share.svg]
[themeadapt.com/tf/logistex/assets/img/blog/blog_details.jpg]
[themeadapt.com/tf/logistex/assets/img/blog/author.png]
[themeadapt.com/tf/logistex/assets/img/blog/comment01.png]
[themeadapt.com/tf/logistex/assets/img/blog/comment02.png]
[themeadapt.com/tf/logistex/blog-details.html]
[themeadapt.com/tf/logistex/assets/img/icon/right_arrow.svg]
[themeadapt.com/tf/logistex/assets/img/bg/vector_bg.svg]
[themeadapt.com/tf/logistex/assets/img/icon/star.svg]
[themeadapt.com/tf/logistex/assets/img/bg/vector_bg02.svg]
[themeadapt.com/tf/logistex/assets/img/icon/quote.svg]
[themeadapt.com/tf/logistex/assets/img/images/work_shape01.svg]
[themeadapt.com/tf/logistex/assets/img/images/work_shape02.svg]
[themeadapt.com/tf/logistex/assets/img/logo/w_logo.svg]
[themeadapt.com/tf/logistex/assets/js/vendor/jquery-3.6.0.min.js]
[themeadapt.com/tf/logistex/assets/js/bootstrap.bundle.min.js]
[themeadapt.com/tf/logistex/assets/js/jquery.magnific-popup.min.js]
[themeadapt.com/tf/logistex/assets/js/jquery.counterup.min.js]
[themeadapt.com/tf/logistex/assets/js/jquery.appear.js]
[themeadapt.com/tf/logistex/Version/index.html]
[themeadapt.com/tf/logistex/e]
[themeadapt.com/tf/logistex/t.params.url]
[themeadapt.com/tf/logistex/assets/js/swiper-bundle.min.js]
[themeadapt.com/tf/logistex/GET]
[themeadapt.com/tf/logistex/assets/js/svg-inject.min.js]
[themeadapt.com/tf/logistex/assets/js/ajax-form.js]
[themeadapt.com/tf/logistex/assets/js/jquery.marquee.min.js]
[themeadapt.com/tf/logistex/assets/js/jquery-ui.min.js]
[themeadapt.com/tf/logistex/assets/js/wow.min.js]
[themeadapt.com/tf/logistex/assets/js/aos.js]
[themeadapt.com/tf/logistex/assets/js/main.js]
[themeadapt.com/tf/logistex/assets/fonts/fa-brands-400.svg]
[themeadapt.com/tf/logistex/assets/fonts/fa-regular-400.svg]
[themeadapt.com/tf/logistex/assets/fonts/fa-solid-900.svg]
[themeadapt.com/tf/logistex/assets/fonts/flaticon_lgdt.svg]
[themeadapt.com/tf/logistex/assets/fonts/flat-icon/flaticon_tg_defaultbada.svg]
[themeadapt.com/tf/logistex/assets/img/services/mask_img.svg]
[themeadapt.com/tf/logistex/assets/img/logo/logo02.svg]
[themeadapt.com/tf/logistex/assets/img/images/inner_footer_shape01.svg]
[themeadapt.com/tf/logistex/assets/img/images/inner_footer_shape02.svg]
[themeadapt.com/tf/logistex/assets/img/slider/slider_shape.svg]
[themeadapt.com/tf/logistex/assets/img/images/newsletter_shape01.svg]
[themeadapt.com/tf/logistex/assets/img/images/newsletter_shape02.svg]
[themeadapt.com/tf/logistex/assets/img/images/request_shape.svg]
[themeadapt.com/tf/logistex/assets/img/images/choose_logo.svg]
[themeadapt.com/tf/logistex/assets/img/images/choose_shape.svg]
[themeadapt.com/tf/logistex/dist/index.html]
[themeadapt.com/tf/logistex/assets/img/bg/vector_bg03.svg]
[themeadapt.com/tf/logistex/assets/img/logo/logo03.svg]
[themeadapt.com/tf/logistex/assets/img/images/features_shape.svg]
[themeadapt.com/tf/logistex/assets/img/images/h3_about_shape.svg]
[themeadapt.com/tf/logistex/assets/img/bg/vector_bg04.svg]
[themeadapt.com/tf/logistex/assets/img/team/h3_team_shape.svg]
[themeadapt.com/tf/logistex/assets/img/images/faq_shape.svg]
[themeadapt.com/tf/logistex/assets/img/images/h3_footer_shape01.svg]
[themeadapt.com/tf/logistex/assets/img/images/h3_footer_shape02.svg]
[themeadapt.com/tf/logistex/assets/img/images/h4_about_shape.svg]
[themeadapt.com/tf/logistex/assets/img/services/h4_services_shape01.svg]
[themeadapt.com/tf/logistex/assets/img/services/h4_services_shape02.svg]
[themeadapt.com/tf/logistex/assets/img/services/h4_services_shape03.svg]
[themeadapt.com/tf/logistex/assets/img/images/h4_testimonial_shape.svg]
[themeadapt.com/tf/logistex/assets/img/bg/vector_bg05.svg]
[themeadapt.com/tf/logistex/assets/img/team/team_shape.svg]
[themeadapt.com/tf/logistex/assets/img/images/mission_shape.svg]
[themeadapt.com/tf/logistex/assets/img/images/years_shape.svg]
[themeadapt.com/tf/logistex/assets/img/icon/pdf.svg]
[themeadapt.com/tf/logistex/assets/img/icon/doc.svg]
[themeadapt.com/tf/logistex/assets/img/icon/share.svg]
[themeadapt.com/tf/logistex/Version/index.html]
[themeadapt.com/tf/logistex/e.html]
[themeadapt.com/tf/logistex/t.params.html]
[themeadapt.com/tf/logistex/GET.html]
[themeadapt.com/tf/logistex/dist/index.html]
